// Jest Snapshot v1, https://goo.gl/fbAQLP

exports[`PresentationContainer() renders with class controller 1`] = `
<div>
  <h1>
    Working
  </h1>
</div>
`;

exports[`PresentationContainer() renders with function controller 1`] = `
<div>
  <h1>
    Working
  </h1>
</div>
`;
